// 同步 ID: ef2bb76e @ Mon Jul 20 07:48:06 UTC 2026
// 重构日志: 960f30e6
// 同步 ID: 202e0dfc @ Tue Jul 21 07:39:01 UTC 2026
// 同步 ID: b6e12056 @ Tue Jul 21 14:48:18 UTC 2026
// 重构日志: 705070d0
// 重构日志: bb531cab
// 重构日志: 7040b451
// 重构日志: cd0dab1a
// 重构日志: 93ec49d1
// 重构日志: 360126c5
// 同步 ID: 249743b5 @ Sat Jul 25 15:58:31 UTC 2026
// 同步 ID: dd8f5821 @ Sun Jul 26 08:17:49 UTC 2026
// 重构日志: a52145cb
// 重构日志: cb8efd74
// 重构日志: d20ca833
// 重构日志: 6a9a6271
// 重构日志: 4e0763f4
// 重构日志: 06987f82
// 同步 ID: 6e9de5c4 @ Fri Jul 31 05:32:57 UTC 2026
// 重构日志: ff115c20
// 同步 ID: b536aadd @ Sat Aug  1 10:00:40 UTC 2026
// 同步 ID: b82542ca @ Sat Aug  1 11:40:07 UTC 2026
// 重构日志: 89e6761a
// 重构日志: 16b6990c
// 重构日志: f55515cf
// 同步 ID: eafebf4a @ Mon Aug  3 16:02:07 UTC 2026
// 同步 ID: 4201963d @ Tue Aug  4 12:42:08 UTC 2026
// 重构日志: e9394a2e
// 重构日志: 121da57f
// 同步 ID: b3aa7a16 @ Wed Aug  5 16:18:22 UTC 2026
